/nas/home/jahin/.local/lib/python3.10/site-packages/torchvision/io/image.py:13: UserWarning: Failed to load image Python extension: '/nas/home/jahin/.local/lib/python3.10/site-packages/torchvision/image.so: undefined symbol: _ZN3c1017RegisterOperatorsD1Ev'If you don't plan on using image functionality from `torchvision.io`, you can ignore this warning. Otherwise, there might be something wrong with your environment. Did you have `libjpeg` or `libpng` installed before building `torchvision` from source?
  warn(
/nas/home/jahin/.local/lib/python3.10/site-packages/requests/__init__.py:113: RequestsDependencyWarning: urllib3 (1.26.5) or chardet (7.2.0)/charset_normalizer (3.4.4) doesn't match a supported version!
  warnings.warn(

━━━━━━━━━━━━━━━━━━━━━━━━━━━━━━━━━━━━━━━━━━━━━━━━━━━━━━━━━━━━━━━━━━━━
  TINYIMAGENET  ψ=80.0  seed=42  variant=adaptive  μ=0.1
━━━━━━━━━━━━━━━━━━━━━━━━━━━━━━━━━━━━━━━━━━━━━━━━━━━━━━━━━━━━━━━━━━━━
  [  1] acc=0.0053  θ=1.000  β=0.850  Σmb=  180.7  Σt=     82s  wall=  341s [WARMUP]
  [ 10] acc=0.0437  θ=0.279  β=0.937  Σmb= 1225.1  Σt=    930s  wall= 2568s
  [ 20] acc=0.0756  θ=0.274  β=0.937  Σmb= 2378.7  Σt=   1823s  wall= 4946s
  [ 30] acc=0.1247  θ=0.266  β=0.938  Σmb= 3491.0  Σt=   2793s  wall= 6956s
  [ 40] acc=0.1784  θ=0.255  β=0.939  Σmb= 4587.1  Σt=   3693s  wall= 8808s
  [ 50] acc=0.2355  θ=0.242  β=0.941  Σmb= 5616.9  Σt=   4585s  wall=10662s
  [ 60] acc=0.2736  θ=0.227  β=0.943  Σmb= 6600.6  Σt=   5495s  wall=12516s
  [ 70] acc=0.3009  θ=0.210  β=0.945  Σmb= 7540.9  Σt=   6419s  wall=14366s
  [ 80] acc=0.3154  θ=0.193  β=0.947  Σmb= 8406.4  Σt=   7280s  wall=16238s
  [ 90] acc=0.3285  θ=0.177  β=0.949  Σmb= 9208.6  Σt=   8181s  wall=18111s
  [100] acc=0.3360  θ=0.161  β=0.951  Σmb= 9952.4  Σt=   9020s  wall=20013s
  [110] acc=0.3489  θ=0.147  β=0.952  Σmb=10633.7  Σt=   9855s  wall=22100s
  [120] acc=0.3570  θ=0.136  β=0.954  Σmb=11265.1  Σt=  10622s  wall=24207s
  [130] acc=0.3573  θ=0.127  β=0.955  Σmb=11848.9  Σt=  11392s  wall=26300s
  [140] acc=0.3622  θ=0.122  β=0.955  Σmb=12404.7  Σt=  12125s  wall=28395s
  [150] acc=0.3701  θ=0.120  β=0.956  Σmb=12948.0  Σt=  12843s  wall=30492s

  RESULT  peak=0.3702  final=0.3701  drop=0.0001  target=✓
          rounds=70  time=6419s  traffic=7540.9MB
  → results/long/tinyimagenet_psi80p0_mu0p1_seed42_adaptive_long.json

✓  Wrote results/long/summary.json  (1 experiment(s))
