/nas/home/jahin/.local/lib/python3.10/site-packages/torchvision/io/image.py:13: UserWarning: Failed to load image Python extension: '/nas/home/jahin/.local/lib/python3.10/site-packages/torchvision/image.so: undefined symbol: _ZN3c1017RegisterOperatorsD1Ev'If you don't plan on using image functionality from `torchvision.io`, you can ignore this warning. Otherwise, there might be something wrong with your environment. Did you have `libjpeg` or `libpng` installed before building `torchvision` from source?
  warn(
/nas/home/jahin/.local/lib/python3.10/site-packages/requests/__init__.py:113: RequestsDependencyWarning: urllib3 (1.26.5) or chardet (7.2.0)/charset_normalizer (3.4.4) doesn't match a supported version!
  warnings.warn(

━━━━━━━━━━━━━━━━━━━━━━━━━━━━━━━━━━━━━━━━━━━━━━━━━━━━━━━━━━━━━━━━━━━━
  MNIST  ψ=0.4  seed=42  variant=adaptive  μ=0.1
━━━━━━━━━━━━━━━━━━━━━━━━━━━━━━━━━━━━━━━━━━━━━━━━━━━━━━━━━━━━━━━━━━━━
  [  1] acc=0.8032  θ=1.000  β=0.850  Σmb=    0.3  Σt=     47s  wall=   15s [WARMUP]
  [ 10] acc=0.9032  θ=0.279  β=0.937  Σmb=    1.0  Σt=    477s  wall=  125s
  [ 20] acc=0.9065  θ=0.274  β=0.937  Σmb=    1.9  Σt=    946s  wall=  250s
  [ 30] acc=0.9122  θ=0.266  β=0.938  Σmb=    2.8  Σt=   1406s  wall=  384s
  [ 40] acc=0.9101  θ=0.255  β=0.939  Σmb=    3.6  Σt=   1862s  wall=  517s
  [ 50] acc=0.9145  θ=0.242  β=0.941  Σmb=    4.4  Σt=   2309s  wall=  654s
  [ 60] acc=0.9078  θ=0.227  β=0.943  Σmb=    5.1  Σt=   2784s  wall=  775s
  [ 70] acc=0.9147  θ=0.210  β=0.945  Σmb=    5.8  Σt=   3239s  wall=  894s
  [ 80] acc=0.9136  θ=0.193  β=0.947  Σmb=    6.4  Σt=   3689s  wall= 1016s
  [ 90] acc=0.9075  θ=0.177  β=0.949  Σmb=    7.0  Σt=   4158s  wall= 1136s
  [100] acc=0.9087  θ=0.161  β=0.951  Σmb=    7.5  Σt=   4617s  wall= 1250s
  [110] acc=0.9093  θ=0.147  β=0.952  Σmb=    8.0  Σt=   5093s  wall= 1367s
  [120] acc=0.9146  θ=0.136  β=0.954  Σmb=    8.4  Σt=   5564s  wall= 1484s
  [130] acc=0.9099  θ=0.127  β=0.955  Σmb=    8.8  Σt=   6021s  wall= 1605s
  [140] acc=0.9033  θ=0.122  β=0.955  Σmb=    9.2  Σt=   6462s  wall= 1726s
  [150] acc=0.9127  θ=0.120  β=0.956  Σmb=    9.6  Σt=   6929s  wall= 1849s

  RESULT  peak=0.9200  final=0.9127  drop=0.0073  target=✓
          rounds=7  time=338s  traffic=0.8MB
  → results/long/mnist_psi0p4_mu0p1_seed42_adaptive_long.json

✓  Wrote results/long/summary.json  (1 experiment(s))
