/nas/home/jahin/.local/lib/python3.10/site-packages/torchvision/io/image.py:13: UserWarning: Failed to load image Python extension: '/nas/home/jahin/.local/lib/python3.10/site-packages/torchvision/image.so: undefined symbol: _ZN3c1017RegisterOperatorsD1Ev'If you don't plan on using image functionality from `torchvision.io`, you can ignore this warning. Otherwise, there might be something wrong with your environment. Did you have `libjpeg` or `libpng` installed before building `torchvision` from source?
  warn(
/nas/home/jahin/.local/lib/python3.10/site-packages/requests/__init__.py:113: RequestsDependencyWarning: urllib3 (1.26.5) or chardet (7.2.0)/charset_normalizer (3.4.4) doesn't match a supported version!
  warnings.warn(

━━━━━━━━━━━━━━━━━━━━━━━━━━━━━━━━━━━━━━━━━━━━━━━━━━━━━━━━━━━━━━━━━━━━
  TINYIMAGENET  ψ=120.0  seed=42  variant=adaptive  μ=0.1
━━━━━━━━━━━━━━━━━━━━━━━━━━━━━━━━━━━━━━━━━━━━━━━━━━━━━━━━━━━━━━━━━━━━
  [  1] acc=0.0050  θ=1.000  β=0.850  Σmb=  155.5  Σt=    103s  wall=  188s [WARMUP]
  [ 10] acc=0.0615  θ=0.279  β=0.937  Σmb= 1215.6  Σt=    934s  wall= 1876s
  [ 20] acc=0.1183  θ=0.274  β=0.937  Σmb= 2351.3  Σt=   1851s  wall= 3817s
  [ 30] acc=0.1748  θ=0.266  β=0.938  Σmb= 3432.4  Σt=   2815s  wall= 5875s
  [ 40] acc=0.2095  θ=0.255  β=0.939  Σmb= 4537.3  Σt=   3700s  wall= 7944s
  [ 50] acc=0.2318  θ=0.242  β=0.941  Σmb= 5577.0  Σt=   4596s  wall=10008s
  [ 60] acc=0.2485  θ=0.227  β=0.943  Σmb= 6557.5  Σt=   5534s  wall=12080s
  [ 70] acc=0.2457  θ=0.210  β=0.945  Σmb= 7485.9  Σt=   6428s  wall=14121s
  [ 80] acc=0.2709  θ=0.193  β=0.947  Σmb= 8351.9  Σt=   7311s  wall=16184s
  [ 90] acc=0.2710  θ=0.177  β=0.949  Σmb= 9158.2  Σt=   8178s  wall=18240s
  [100] acc=0.2760  θ=0.161  β=0.951  Σmb= 9908.3  Σt=   8938s  wall=20318s
  [110] acc=0.2806  θ=0.147  β=0.952  Σmb=10590.8  Σt=   9746s  wall=22394s
  [120] acc=0.2886  θ=0.136  β=0.954  Σmb=11223.5  Σt=  10539s  wall=24451s
  [130] acc=0.2858  θ=0.127  β=0.955  Σmb=11805.7  Σt=  11310s  wall=26537s
  [140] acc=0.2873  θ=0.122  β=0.955  Σmb=12363.3  Σt=  12050s  wall=28627s
Traceback (most recent call last):
  File "/usr/lib/python3.10/multiprocessing/queues.py", line 244, in _feed
    obj = _ForkingPickler.dumps(obj)
  File "/usr/lib/python3.10/multiprocessing/reduction.py", line 51, in dumps
    cls(buf, protocol).dump(obj)
  File "/nas/home/jahin/.local/lib/python3.10/site-packages/torch/multiprocessing/reductions.py", line 296, in reduce_tensor
    return (stat.st_ino, stat.st_dev)
ModuleNotFoundError: No module named 'torch.nested._internal'
Traceback (most recent call last):
  File "/usr/lib/python3.10/multiprocessing/queues.py", line 244, in _feed
    obj = _ForkingPickler.dumps(obj)
  File "/usr/lib/python3.10/multiprocessing/reduction.py", line 51, in dumps
    cls(buf, protocol).dump(obj)
  File "/nas/home/jahin/.local/lib/python3.10/site-packages/torch/multiprocessing/reductions.py", line 296, in reduce_tensor
    return (stat.st_ino, stat.st_dev)
ModuleNotFoundError: No module named 'torch.nested._internal'
Traceback (most recent call last):
  File "/usr/lib/python3.10/multiprocessing/queues.py", line 244, in _feed
    obj = _ForkingPickler.dumps(obj)
  File "/usr/lib/python3.10/multiprocessing/reduction.py", line 51, in dumps
    cls(buf, protocol).dump(obj)
  File "/nas/home/jahin/.local/lib/python3.10/site-packages/torch/multiprocessing/reductions.py", line 296, in reduce_tensor
    return (stat.st_ino, stat.st_dev)
ModuleNotFoundError: No module named 'torch.nested._internal'
Traceback (most recent call last):
  File "/usr/lib/python3.10/multiprocessing/queues.py", line 244, in _feed
    obj = _ForkingPickler.dumps(obj)
  File "/usr/lib/python3.10/multiprocessing/reduction.py", line 51, in dumps
    cls(buf, protocol).dump(obj)
  File "/nas/home/jahin/.local/lib/python3.10/site-packages/torch/multiprocessing/reductions.py", line 296, in reduce_tensor
    return (stat.st_ino, stat.st_dev)
ModuleNotFoundError: No module named 'torch.nested._internal'
